// Jest Snapshot v1, https://goo.gl/fbAQLP

exports[`Login should render without problems 1`] = `ShallowWrapper {}`;
